PHPUnit 11.5.55 by Sebastian Bergmann and contributors.

Runtime:       PHP 8.2.12
Configuration: D:\ovmswida2\phpunit.xml

F                                                                   1 / 1 (100%)

Time: 00:01.566, Memory: 44.00 MB

There was 1 failure:

1) Tests\Feature\WorkflowTest::test_full_vehicle_request_workflow
Expected response status code [201] but received 403.
Failed asserting that 403 is identical to 201.

D:\ovmswida2\vendor\laravel\framework\src\Illuminate\Testing\TestResponseAssert.php:45
D:\ovmswida2\vendor\laravel\framework\src\Illuminate\Testing\TestResponse.php:175
D:\ovmswida2\tests\Feature\WorkflowTest.php:98

FAILURES!
Tests: 1, Assertions: 7, Failures: 1.
